// Jest Snapshot v1, https://goo.gl/fbAQLP

exports[`ProgramList tests renders correctly when passed a department prop 1`] = `
<div>
  <div>
    <ul
      class="container"
    >
      <li
        class="container"
      >
        <div
          class="card"
        >
          <h2>
            CSECS
          </h2>
          <h4
            class="link"
          >
            <a
              href="/engineering/multidisciplinary/CSECS"
            >
              Computer Systems Engineering with Concentration in Software Design Engineering
            </a>
          </h4>
        </div>
      </li>
      <li
        class="container"
      >
        <div
          class="card"
        >
          <h2>
            IS
          </h2>
          <h4
            class="link"
          >
            <a
              href="/engineering/multidisciplinary/IS"
            >
              Information Systems
            </a>
          </h4>
        </div>
      </li>
      <li
        class="container"
      >
        <div
          class="card"
        >
          <h2>
            DAMG
          </h2>
          <h4
            class="link"
          >
            <a
              href="/engineering/multidisciplinary/DAMG"
            >
              Data Architecture and Management
            </a>
          </h4>
        </div>
      </li>
      <li
        class="container"
      >
        <div
          class="card"
        >
          <h2>
            CPS
          </h2>
          <h4
            class="link"
          >
            <a
              href="/engineering/multidisciplinary/CPS"
            >
              Cyber-Physical Systems, MS
            </a>
          </h4>
        </div>
      </li>
      <li
        class="container"
      >
        <div
          class="card"
        >
          <h2>
            SES
          </h2>
          <h4
            class="link"
          >
            <a
              href="/engineering/multidisciplinary/SES"
            >
              Software Engineering Systems, MS
            </a>
          </h4>
        </div>
      </li>
      <li
        class="container"
      >
        <div
          class="card"
        >
          <h2>
            TN
          </h2>
          <h4
            class="link"
          >
            <a
              href="/engineering/multidisciplinary/TN"
            >
              Telecommunication Networks, MS
            </a>
          </h4>
        </div>
      </li>
      <li
        class="container"
      >
        <div
          class="card"
        >
          <h2>
            BSCE
          </h2>
          <h4
            class="link"
          >
            <a
              href="/engineering/multidisciplinary/BSCE"
            >
              Blockchain and Smart Contract Engineering, Graduate Certificate
            </a>
          </h4>
        </div>
      </li>
      <li
        class="container"
      >
        <div
          class="card"
        >
          <h2>
            BWS
          </h2>
          <h4
            class="link"
          >
            <a
              href="/engineering/multidisciplinary/BWS"
            >
              Broadband Wireless Systems, Graduate Certificate
            </a>
          </h4>
        </div>
      </li>
      <li
        class="container"
      >
        <div
          class="card"
        >
          <h2>
            CSE
          </h2>
          <h4
            class="link"
          >
            <a
              href="/engineering/multidisciplinary/CSE"
            >
              Computer Systems Engineering, Graduate Certificate
            </a>
          </h4>
        </div>
      </li>
      <li
        class="container"
      >
        <div
          class="card"
        >
          <h2>
            EL
          </h2>
          <h4
            class="link"
          >
            <a
              href="/engineering/multidisciplinary/EL"
            >
              Engineering Leadership, Graduate Certificate
            </a>
          </h4>
        </div>
      </li>
      <li
        class="container"
      >
        <div
          class="card"
        >
          <h2>
            IPTS
          </h2>
          <h4
            class="link"
          >
            <a
              href="/engineering/multidisciplinary/IPTS"
            >
              IP Telephony Systems, Graduate Certificate
            </a>
          </h4>
        </div>
      </li>
    </ul>
  </div>
</div>
`;
